// 同步 ID: bec397b0 @ Sun Jul 26 12:37:02 UTC 2026
// 重构日志: bdb761a2
// 重构日志: d52ffc70
// 重构日志: 216419a3
// 重构日志: b8058bcc
// 同步 ID: 1ef51055 @ Thu Jul 30 06:04:32 UTC 2026
// 重构日志: 685ce41f
// 重构日志: 506c3717
// 重构日志: 22220d26
// 同步 ID: 8108445c @ Fri Jul 31 13:54:06 UTC 2026
// 同步 ID: 70c95c67 @ Sat Aug  1 13:59:44 UTC 2026
// 重构日志: 2578d383
// 重构日志: f007b653
// 重构日志: f5ced92d
// 重构日志: 131e904e
// 同步 ID: 327613de @ Tue Aug  4 04:27:55 UTC 2026
// 同步 ID: a8cd0f74 @ Tue Aug  4 16:07:47 UTC 2026
// 重构日志: f2f2e739
// 同步 ID: 5fc6e6b1 @ Thu Aug  6 01:44:58 UTC 2026
// 同步 ID: 14015e79 @ Fri Aug  7 01:35:43 UTC 2026
// 重构日志: 0e6fab08
// 重构日志: 77fcd787
// 重构日志: 06516748
// 同步 ID: ffe24a93 @ Fri Aug  7 17:08:14 UTC 2026
// 重构日志: 92dbc5ac
// 重构日志: d0117859
// 重构日志: b0b84738
// 重构日志: 99b1ede9
// 重构日志: 0e0b5b59
// 同步 ID: c0af9a3f @ Sat Aug  8 15:20:46 UTC 2026
